// Jest Snapshot v1, https://goo.gl/fbAQLP

exports[`App component renders properly 1`] = `
<div
  className="app-container"
>
  <Header />
  <Mapbox />
</div>
`;

exports[`Bathroom component renders properly 1`] = `
<div>
  <Marker
    anchor="bottom"
  >
    <styled.div />
  </Marker>
</div>
`;
